Switched to a new branch 'agent/fix-farm-orchard-batch-build'
branch 'agent/fix-farm-orchard-batch-build' set up to track 'origin/main'.

===== apply changes =====
farm/orchard cash-only construction and batch quantity forwarding applied

===== update dependent verifiers =====
dependent construction presentation guards updated

===== install dependencies =====

added 133 packages, and audited 140 packages in 2s

29 packages are looking for funding
  run `npm fund` for details

1 moderate severity vulnerability

To address all issues, run:
  npm audit fix --force

Run `npm audit` for details.

===== catalog verification =====
产业目录验证通过：36 种商品、26 种工厂、农场与果园现金建造、C1 固定作业制度及参考分钟利润梯度。

===== form state verification =====
form state and polling refresh isolation verification passed

===== construction server regression =====
(node:2277) ExperimentalWarning: SQLite is an experimental feature and might change at any time
(Use `node --trace-warnings ...` to show where the warning was created)
✔ new players do not receive a starter construction material pack (100.391494ms)
✔ farm and orchard batches atomically consume only credits and complete immediately (140.4738ms)
✔ material-backed construction rolls back completely when one material is missing (120.001514ms)
✔ legacy construction migrates to one completed facility without charging materials again (80.572436ms)
ℹ tests 4
ℹ suites 0
ℹ pass 4
ℹ fail 0
ℹ cancelled 0
ℹ skipped 0
ℹ todo 0
ℹ duration_ms 545.210518

===== starting funds regression =====
✔ new players receive 500 credits with a matching startup ledger entry (17.007912ms)
✔ ensuring an existing player does not top up or rewrite their balance (5.878063ms)
ℹ tests 2
ℹ suites 0
ℹ pass 2
ℹ fail 0
ℹ cancelled 0
ℹ skipped 0
ℹ todo 0
ℹ duration_ms 100.539865

===== repository diff check =====

===== full production build =====

> economy@0.4.0 build
> node scripts/verify-contract-renewal-economic-events.mjs && npm run verify:architecture && npm run test:nginx-config && npm run server:check && npm run server:test && tsc && vite build

Contract renewal and economic event verification passed.

> economy@0.4.0 verify:architecture
> npm run verify:repository-text-format && node --experimental-strip-types scripts/verify-money-precision.mjs && node --experimental-strip-types scripts/verify-order-book-decimal-levels.mjs && node scripts/verify-document-authority.mjs && node scripts/verify-client-state-version.mjs && node scripts/verify-order-matching-core.mjs && node scripts/verify-market-action-latency.mjs && node --experimental-strip-types scripts/verify-runtime-architecture.mjs && node scripts/verify-state-delivery-capacity.mjs && npm run verify:client-update-recovery && npm run verify:client-response && node scripts/verify-authentication-cache.mjs && node scripts/verify-email-registration.mjs && npm run verify:stress && node scripts/verify-scroll-ownership.mjs && node scripts/verify-gems-invitations-and-bans.mjs && node scripts/verify-daily-check-in.mjs && node scripts/verify-banking.mjs && node scripts/verify-weekly-cash-settlement.mjs && node scripts/verify-gem-shop.mjs && node scripts/verify-page-content.mjs && node scripts/verify-auth-three-layer.mjs && node scripts/verify-game-three-layer.mjs && node scripts/verify-open-glass-sampling.mjs && npm run verify:navigation-badges && npm run verify:notifications && node scripts/verify-game-tutorial.mjs && node scripts/verify-assets-page.mjs && node scripts/verify-settings-layout.mjs && node scripts/verify-reset-disabled.mjs && node --experimental-strip-types scripts/verify-display-format.mjs && node scripts/verify-ui-architecture-runner.mjs && npm run verify:echarts && node scripts/verify-page-section-spacing.mjs && npm run verify:product-artwork && npm run verify:facility-artwork && node scripts/verify-form-state-isolation.mjs && node scripts/verify-form-controls.mjs && node scripts/verify-market-order-entry-compact.mjs && node scripts/verify-contract-layout.mjs && node scripts/verify-contract-audit.mjs && node scripts/verify-contract-types.mjs && node scripts/verify-currency-svg.mjs && node scripts/verify-mobile-touch-feedback.mjs && node scripts/verify-interaction-modality.mjs && node scripts/verify-virtual-list-scroll-chaining.mjs && node scripts/verify-overlay-scrollbars.mjs && node scripts/verify-overview-content.mjs && node scripts/verify-industry-catalog.mjs && node scripts/verify-production-methods.mjs && node scripts/verify-c1-input-balance.mjs && node scripts/verify-unified-factory-recipes-grid.mjs && npm run verify:production-settlement && node scripts/verify-production-desktop-layout.mjs && node scripts/verify-staple-crops-demand.mjs && node --experimental-strip-types scripts/verify-market-assets.mjs && node scripts/verify-market-page-layout.mjs && npm run verify:market-desktop-cleanup && node scripts/verify-local-trade-privacy.mjs && node scripts/verify-market-sell-fee.mjs && node scripts/verify-leaderboards.mjs && node --experimental-strip-types scripts/verify-market-chart.mjs && node scripts/verify-liquid-glass-chrome.mjs && node scripts/verify-mobile-status-value-fit.mjs && node scripts/verify-desktop-primary-surfaces.mjs && node scripts/verify-authoritative-countdowns.mjs && node scripts/verify-primary-surface-insets.mjs && node scripts/verify-game-shell-layout.mjs && node scripts/verify-warehouse-expansion.mjs && npm run verify:research && node scripts/verify-facility-groups.mjs && node --experimental-strip-types scripts/verify-recipe-profit-analysis.mjs && node scripts/verify-asset-auctions.mjs && node scripts/verify-gift-code-batches.mjs && node scripts/verify-admin-navigation.mjs && node scripts/verify-admin-player-statistics.mjs && node scripts/verify-runtime-efficiency.mjs && node scripts/verify-runtime-reliability.mjs && node scripts/verify-deployment-storage.mjs && node scripts/verify-readonly-database-diagnostics.mjs && node scripts/verify-production-database-maintenance.mjs && node scripts/verify-mobile-facility-pull-refresh.mjs


> economy@0.4.0 verify:repository-text-format
> node scripts/verify-repository-text-format.mjs

仓库文本格式验证通过：所有文本文件均使用 LF，二进制资源不参与转换。
Money precision verification passed.
Decimal order-book level verification passed.
文档权威性验证通过：精简协作入口与项目 README、登记文档清单、版本 30/26、500 新玩家启动资金、市场需求模型 18、固定银行收益与周资金结算、商品供货、玩家抵押借贷与工厂使用权租赁合同、商品／工厂资产拍卖、市场行情图可读性、真实人口钱包、就业资金流、统一订单簿、双边市场储备和十页导航与银行资产总览职责均满足当前基线。
客户端状态版本契约验证通过：当前 30，最低兼容 30
共享撮合内核验证通过：商品与工厂复用单一混合盘口、分组排序索引、价格时间优先、maker price、部分成交、fill 和手续费状态机。
市场动作延迟防回退验证通过：商品订单单次共享撮合、全量修复版本化、POST 后异步补拉、重复提交锁和请求超时均已锁定。
运行时架构验证通过：页面动态拆包、局部时钟、虚拟列表二分与滚动合并、ECharts 资产圆环、资产比例和本地匿名成交缓存均已锁定。
状态交付容量验证通过：世界缓存、单一全局调度、六分区增量交付与完整快照替换、独立 serverNow、共享单调服务器时钟、动作精简确认与确认后分区补拉、修订号门禁、可抢占刷新任务、5 秒默认间隔和 JSON gzip 均已锁定。

> economy@0.4.0 verify:client-update-recovery
> node scripts/verify-client-update-recovery.mjs

客户端版本更新、刷新恢复、缓存与原子发布规则验证通过。

> economy@0.4.0 verify:client-response
> node scripts/verify-client-response-performance.mjs

客户端响应性能防回退验证通过：未变化与迟到状态复用引用、成交扫描按分区门控、导航意图预加载均已锁定。
认证缓存验证通过：状态 10 秒、写操作 2 秒、管理员零缓存、请求合并和 5000 条 LRU 已锁定。
邮箱验证码注册验证通过：发送前查重、验证码安全、首次建档邀请码归因、注册后禁止补填、统一同 IP 异常上报与管理员封禁、双模式页面与 Nginx 路由均已锁定。

> economy@0.4.0 verify:stress
> node scripts/verify-stress-test-accounts.mjs && node scripts/verify-stress-test-flow.mjs && npm run test:stress

Fixed reusable stress-test account registry, strict slicing and secret boundary verification passed.
压力测试执行器、隔离环境、协议断言、性能预算、生产安全门禁、报告和工作流均已锁定。

> economy@0.4.0 test:stress
> node --test tests/stress/stress-flow.test.mjs

✔ stress metrics calculate percentiles and enforce budgets (1.8348ms)
✔ stress safety prevents production writes and unsafe targets (0.643935ms)
✔ isolated mixed stress exercises real authentication, state delivery, writes and idempotency (4693.991852ms)
ℹ tests 3
ℹ suites 0
ℹ pass 3
ℹ fail 0
ℹ cancelled 0
ℹ skipped 0
ℹ todo 0
ℹ duration_ms 9754.767917
Nested custom/native scroll ownership, shared signed-in page scroll, boundary release and control location verification passed.
宝石、邀请与封禁验证通过：同 IP 仅上报异常，账号封禁只由管理员执行，邀请防刷与审计边界保持。
Daily check-in verification passed.
银行验证通过：存取款守恒、抵押生产边界、净资产、透明额度、期限利率、活跃周每日固定 1%、贷款利息池优先支付、补贴发行、周结算和统一截止时间均已锁定。
固定利息与周资金结算验证通过：活跃周每日 1%、周末 10% 账单、登录扣款、长期回归一次性结算、冻结资金守恒和排行榜调整均已锁定。
商店验证通过：每日终端报价和研发宝石加速保持有效，工厂施工加速已退役并由资金与材料即时建造取代。
页面内容、十页导航与银行资产总览、合同默认进行中视图、主页 SVG Logo、登录注册、高增长记录窗口化、邀请、商店、商品／工厂资产拍卖、管理员共享外壳、全局紧凑数字、生产公式和仓库职责验证通过。
登录三层结构、根级持久摄影、认证首帧高度同步、宿主绑定双层高光、静态输入、几何同步与表单状态保持验证通过。
持久全应用摄影背景验证通过：唯一图片节点、根级氛围切换、认证、玩家、管理员、状态页、失败回退、移动 Overlay 和浏览器 harness 均已锁定。
登录后液态玻璃开放采样链验证通过：唯一根隔离、桌面与移动玩家／管理员祖先、普通浮层与根级 Dialog 层开放和四场景浏览器回归均已锁定。

> economy@0.4.0 verify:navigation-badges
> node --experimental-strip-types scripts/verify-navigation-badges.mjs

navigation badge and auction attention verification passed

> economy@0.4.0 verify:notifications
> node --experimental-strip-types scripts/verify-notification-center.mjs

notification center verification passed
Game tutorial verification passed.
银行资产总览、十页导航、本地成交 v6、移动资产构成与独立资产页删除验证通过。
设置页独立主列／侧列、四项统计、账号分组、邀请移出与禁用重置验证通过。
经济状态重置已从网页、小程序、客户端动作和服务器领域写入中移除；教程重开仅清除本地教程轮次，旧重置接口仅返回 410。
时间与排名格式验证通过：持续时间统一使用 s/m/h，排名统一由状态栏和排行榜使用 #N。
共享 UI、唯一开关、导航完全不透明状态色、独立工厂 SVG 与统一商品图标验证通过。
split technology tree, refresh-stable selection, detail requirements, mobile sheet, acceleration, server access and design verification passed

> economy@0.4.0 verify:echarts
> node scripts/verify-echarts-adoption.mjs

ECharts 架构验证通过：唯一 EconomyChart、精确依赖、SVG 按需模块、生命周期、无障碍、市场动态几何、统一 Pie padAngle 及管理员与资产图表均已锁定。
页面一级区块统一间距验证通过：PageLayout 自动内容栈、外壳沟槽映射、直接子元素外边距清理、新页面扫描、设计权威与真实几何回归均已锁定。

> economy@0.4.0 verify:product-artwork
> npm run generate:product-artwork && node scripts/verify-product-artwork.mjs


> economy@0.4.0 generate:product-artwork
> node scripts/generate-product-artwork-thumbnails.mjs

商品运行时缩略图生成完成：36 种 128×128 RGBA PNG，总计 813.5 KiB，更新 36 个文件。
商品图片视觉验证通过：36 种 1024×1024 RGBA PNG 源图已生成 128×128 运行时缩略图，生产结算与富内容下拉框使用 ProductArtwork PNG，其余紧凑语义位置继续使用 SVG。

> economy@0.4.0 verify:facility-artwork
> npm run generate:facility-artwork && node scripts/verify-facility-artwork.mjs


> economy@0.4.0 generate:facility-artwork
> node scripts/generate-facility-artwork-thumbnails.mjs

工厂场景运行时缩略图生成完成：26 种 256×256 RGBA PNG，总计 4695.3 KiB，更新 26 个文件。
工厂场景插画验证通过：26 种正式工厂与 1024×1024 RGBA 源图、256×256 运行时缩略图、ID 映射、市场满幅居中裁切、上下可读性渐变、主视觉使用边界及 C1–C7 从空白新绘 SHA-256 基线一致。
form state and polling refresh isolation verification passed
统一表单、顶层浮层、数字草稿、整数输入滚轮归属、统一导航角标与移动端尺寸验证通过。
市场同行标签、内嵌步进按钮稳定定位、聚焦金额滚轮、详情移除、移动端永久双列和极窄盘口验证通过。
合同页四列工作区、常驻合同广场、待处理置顶与警示背景、双视图切换、历史结果、重新拟定和响应式浏览器回归验证通过。
Contract audit and compact history verification passed.
六类合同方向、资产锁定、页面入口与权威设计验证通过
货币 SVG 验证通过：62 处可见金额统一使用 CreditsIcon，通知边界兼容旧字符串，玩家端源码无字符货币符号。
移动触摸反馈验证通过：按钮、链接与图表交互区域的原生蓝色 tap highlight 已关闭，键盘 focus-visible 焦点保持不变。
全局输入方式验证通过；当前遗留未约束 hover 23 条，新增条目为 0。
Shared virtual windowing, single two-axis record viewport and boundary scroll chaining verification passed.
统一尺寸、共享登录后页面滚动、共享移动详情安全边缘、鼠标与触控策略、隐藏触控横向轨道、无级资产目录和单一双轴虚拟成交表验证通过。
概览验证通过：共享外壳折叠、教程提醒容量、签到日历、服务器日期语义、权威资产状态、状态栏趋势与浏览器碰撞回归满足设计基线。
产业目录验证通过：36 种商品、26 种工厂、农场与果园现金建造、C1 固定作业制度及参考分钟利润梯度。
生产方式验证通过：C1 固定时间与现金成本、整件投入和渐进产出，C2～C7 固定精度平衡、稳定变体 ID、配置立即切换、进度清零、满员率惩罚、需求图去重和浏览器交互均已锁定。
C1 投入品平衡验证通过：六种价格与上游批量产出、三级利润区间、同级差距和模型 18 幂等迁移规则均已锁定。
工厂集群三列状态卡、无持久选中态、主从布局、状态标题层级、无顶部关闭按钮、统一收起动画、单厂平均利润布局、紧凑标题、共享活动滚动条、目录顺序默认详情、焦点与滚动控制、通用配方和集群公式验证通过。

> economy@0.4.0 verify:production-settlement
> node scripts/verify-production-settlement-layout.mjs

生产结算商品 PNG、投入产出、单行周期成本操作带、实时满员率、响应式与工厂信息利润归属验证通过。
桌面生产页建设卡与详情卡 sticky 对齐、唯一职责、自然高度详情和统一滚动验证通过。
市场需求验证通过：模型 18 使用工厂承载驱动的实际人口与真实钱包覆盖全部 36 种商品，并保持双向报价、派生流动性和市场储备约束。
统一资产市场、非交叉撮合、连续五档价格聚合、玩家／消费需求／市场储备商品订单、窗口化本地成交、管理员高增长记录和本地默认价格验证通过。
市场页布局、商品固定尺寸与工厂满幅插画、紧凑步进下单、连续五档盘口、移动端永久双列与极窄控件压缩、资产目录轨道、ECharts 动态行情几何及浏览器回归基线验证通过。

> economy@0.4.0 verify:market-desktop-cleanup
> node scripts/verify-market-desktop-cleanup.mjs

桌面与移动端订单簿统一为连续五档行，表头和最新价分隔已从 DOM 与样式中移除。
普通玩家订单 API、本地存储和市场成交展示均已匿名化，人口模型及资金池字段不会公开。
玩家商品与工厂订单簿卖出手续费、累计部分成交、匿名公开字段、紧凑前端展示和独立拍卖手续费隔离验证通过。
Leaderboard verification passed.
Market ECharts verification passed: distinct price semantics, minimal-padding integer scales, readable volume labels, mobile axis layout, linked persistent hover and zero-gap grids satisfy the design baseline.
liquid-glass-react 登录后外壳、认证光学参数、全预设零弹性、静态鼠标输入、双层高光、认证透明宿主与统一透明宿主、平台预设、内容自适应、开放背景采样链与安全边缘滚动条验证通过。
移动状态栏数值自适应验证通过。
桌面一级卡片、玩家状态栏与管理员工作栏的 24px 圆角、透明宿主、官方双层高光、默认阴影和无项目结构描边验证通过。
权威倒计时验证通过：GET state 使用独立 serverNow 校准共享单调服务器时钟，market 与排行榜分区不携带请求时刻字段；权威刷新可抢占普通轮询，请求具备超时，生产周期、拍卖和排行榜到期采用串行每秒确认；工厂即时建设不注册倒计时，状态分区使用完整快照替换。
一级卡片统一内边距验证通过：桌面 16px、移动 12px、共享组件语义、旧类兼容、样式与设计文档权威、加载顺序和页面覆盖清理均已锁定。
游戏与管理员共享外壳验证通过：全宽顶部工作栏、下方侧栏与工作区、贴边滚动条、普通浮层安全根、移动局部层级边界和根级业务 Dialog 层均已锁定。
仓库无限扩容、预占来源分段、容量线性定价、紧凑商品插画布局、移动端四列、桌面七列、目录顺序工厂卡、建设卡精简和输入侧周期成本集群公式验证通过。

> economy@0.4.0 verify:research
> node scripts/verify-research-progression.mjs

split research technology catalog, dependencies, migration, access control, UI and design verification passed
工厂即时加入、配置立即切换、满员率稀释与惩罚、紧凑标题状态、三态自动恢复和生产结算验证通过。
市场目录真实成交价、单厂平均利润固定单座口径、具体缺价提示和完整利润卡移除验证通过。
(node:3065) ExperimentalWarning: stripTypeScriptTypes is an experimental feature and might change at any time
(Use `node --trace-warnings ...` to show where the warning was created)
资产包拍卖发布费、卖方手续费、保留价、最低加价、自动延时、匿名竞价、最近十条按需历史、工厂插画铺满与 256px 主视觉上限、主视觉静态展示与资产矩阵名称数量安全悬浮、SQLite 审计、世界 21 迁移、原子托管及订单簿隔离验证通过。
最多 50000 个礼品码的原子批量生成、幂等重试、游标分页和 TXT 下载验证通过。
管理员导航与运营控制台验证通过：六分区、只读服务器状态、共享外壳、ECharts 运营分析、人口政策、虚拟列表及移动统一 Chrome 层均已锁定。
管理员玩家运营统计验证通过：ECharts 趋势、比例、财富图表与成功经济写操作、精确覆盖、隐私边界和移动响应式均已锁定。
运行时效率验证通过：自适应轮询、到期驱动调度、无变化动作不写世界、合同审计事务与缓存顺序、单一混合订单簿与合同线性索引、状态投影复用和有界请求指标均已锁定。
依赖锁、CI 去重、失败步骤日志 Artifact、浏览器存储容错、管理员分页、验证码保留、限流清理和浏览器测试均符合当前设计。
部署 VACUUM INTO、gzip 压缩、恢复校验、保留策略与空间预检通过。
(node:3115) ExperimentalWarning: SQLite is an experimental feature and might change at any time
(Use `node --trace-warnings ...` to show where the warning was created)
生产 SQLite 只读诊断、无写入行为、汇总输出与设计规则验证通过。
(node:3123) ExperimentalWarning: SQLite is an experimental feature and might change at any time
(Use `node --trace-warnings ...` to show where the warning was created)
生产 SQLite INCREMENTAL 迁移、限量回收与设计规则验证通过。
(node:3132) ExperimentalWarning: SQLite is an experimental feature and might change at any time
(Use `node --trace-warnings ...` to show where the warning was created)
共享移动工厂／研发详情下拉刷新保护验证通过：根视口终止 overscroll、详情局部非被动手势、设计与浏览器回归均已锁定。

> economy@0.4.0 test:nginx-config
> python3 scripts/test_configure_economy_nginx.py && python3 scripts/test_configure_economy_static_cache.py && python3 scripts/test_configure_economy_registration_nginx.py

...................ECONOMY_STATIC_GZIP_RETRY attempt=1 max_attempts=2 sleep_seconds=0.250 error=ECONOMY_STATIC_GZIP_MISSING label=html
ECONOMY_STATIC_GZIP_RETRY_EXHAUSTED attempt=2 elapsed_seconds=0.000 error=ECONOMY_STATIC_GZIP_MISSING label=html
.ECONOMY_STATIC_GZIP_RETRY attempt=1 max_attempts=3 sleep_seconds=0.250 error=ECONOMY_STATIC_GZIP_VARY_MISSING label=html
ECONOMY_STATIC_GZIP_RETRY attempt=2 max_attempts=3 sleep_seconds=0.250 error=ECONOMY_STATIC_GZIP_VARY_MISSING label=html
ECONOMY_STATIC_GZIP_RECOVERED attempt=3 elapsed_seconds=0.000
..
----------------------------------------------------------------------
Ran 22 tests in 0.017s

OK
.....
----------------------------------------------------------------------
Ran 5 tests in 0.003s

OK
..
----------------------------------------------------------------------
Ran 2 tests in 0.001s

OK

> economy@0.4.0 server:check
> node scripts/check-server-syntax.mjs

服务器语法检查通过，共检查 64 个文件。

> economy@0.4.0 server:test
> node --test server/test/*.test.js

✔ checks the homepage loopback endpoint and rejects registered emails (31.557573ms)
(node:3649) ExperimentalWarning: SQLite is an experimental feature and might change at any time
(Use `node --trace-warnings ...` to show where the warning was created)
✔ gift codes and redemptions use stable cursor pagination (8.440007ms)
(node:3655) ExperimentalWarning: SQLite is an experimental feature and might change at any time
(Use `node --trace-warnings ...` to show where the warning was created)
✔ unchanged admin summary does not advance the world revision (168.500633ms)
✔ market demand model 18 gives every product direct terminal demand (1.694489ms)
✔ model 17 to 18 rebalance rebuilds system demand without losing population or reserve assets (113.697771ms)
✔ population model 6 migration refunds current model 17 escrow before rebuilding demand (53.246752ms)
✔ model 9 migration refunds population escrow before model 17 rebuild (40.831094ms)
✔ 商品拍卖冻结商品、为最高出价者预占仓库并在成交后转移数量 (24.802652ms)
✔ 商品竞拍必须有足够仓库容量，取消无出价拍卖释放商品 (9.020771ms)
✔ 工厂拍卖冻结运行数量，成交后转移工厂且不写入工厂行情 (31.297813ms)
✔ 商品与工厂资产包整体冻结并原子成交 (21.500604ms)
✔ 客户端只返回商品与工厂通用资产拍卖 (8.823223ms)
✔ 世界 15 迁移保留纯资产拍卖并整包取消含藏品的开放拍卖 (14.104468ms)
✔ 世界 15 迁移按稳定 ID 去重并优先保留 assetAuctions 记录 (6.530534ms)
✔ 发布费按较高计费基数计算并限制最低和最高金额 (0.341394ms)
✔ 发布资金不足时不扣费也不冻结资产 (7.440193ms)
✔ 未达隐藏保留价时退回最高报价和资产但不退发布费 (7.87697ms)
✔ 结束前两分钟出价自动延时且累计不超过三十分钟 (14.255065ms)
✔ 客户端拍卖字段白名单不暴露竞买 ID、姓名或出价数组 (7.691602ms)
✔ 世界 21 迁移按开放收费拍卖重建发布费托管且不追收旧拍卖 (10.877233ms)
✔ 卖方账户异常缺失时发布费保留在托管且未来迁移不会丢失 (8.610794ms)
(node:3683) ExperimentalWarning: SQLite is an experimental feature and might change at any time
(Use `node --trace-warnings ...` to show where the warning was created)
✔ current client state version excludes all player log arrays and factory instances (156.396595ms)
✔ actions update authoritative state without writing player logs to SQLite (201.639916ms)
✔ legacy server logs and factory instance array are removed during the next state load (117.702776ms)
✔ idempotency preserves authoritative response without creating server logs (136.662317ms)
(node:3690) ExperimentalWarning: SQLite is an experimental feature and might change at any time
(Use `node --trace-warnings ...` to show where the warning was created)
✔ 发布费、出价和匿名最近十条在同一 SQLite 事务中审计 (427.648701ms)
✔ 发布幂等重试不会重复扣费或重复冻结资产 (68.993069ms)
✔ 拍卖审计事件禁止更新和删除 (66.338186ms)
✔ 卖方缺失的异常结算记录延迟退款审计且不减少发布费托管 (184.560052ms)
✔ authentication cache enforces TTL, LRU order, and request coalescing (22.444554ms)
✔ authentication policy separates state, write, and administrator requests (3.415628ms)
✔ authentication caches valid state reads, coalesces misses, and never caches upstream failures (79.115297ms)
✔ authoritative write executor preserves FIFO order and single concurrency (2.783377ms)
✔ authoritative write executor rejects total and per-actor overload (0.922237ms)
✔ authoritative write executor expires queued writes before execution (0.557839ms)
✔ authoritative write executor records queue phases in the submitting request context (0.708786ms)
✔ authoritative write executor drains accepted work during graceful close (0.816358ms)
✔ deposits and withdrawals move existing funds without changing net assets (85.412951ms)
✔ mortgaged factories keep producing but cannot be transferred (124.484137ms)
✔ loan proceeds add matching liability and do not inflate wealth (33.734008ms)
✔ active-week deposit interest is fixed at one percent, pool-funded first, and new deposits wait a full day (17.850514ms)
✔ loan assessment exposes transparent collateral and rate inputs (6.172866ms)
✔ withdrawal lowers the daily minimum and re-deposit cannot restore same-day eligibility (5.995278ms)
✔ deposit interest credits exact six-decimal amounts without a cent reserve (5.934498ms)
✔ loan default seizes the minimum collateral once and releases the remaining mortgage (8.185764ms)
✔ bank accepts two-decimal deposits without truncating account precision (5.052952ms)
✔ C1 catalog contains exactly the approved fast-production factories (1.825557ms)
✔ C1 factories use the approved fast-production parameters (0.855697ms)
✔ C1 work systems keep fixed time and cash cost while consuming whole goods each cycle (0.633743ms)
✔ model 18 cancels affected open orders, preserves quantities and resets current anchors once (30.163556ms)
✔ player loan preserves funds and locks collateral until repayment (11.647262ms)
✔ facility lease transfers only production usage and settles rent (6.183422ms)
✔ lease grace suspends production usage without unlocking the lessor asset (2.473451ms)
✔ loan default transfers only enough collateral and releases the remainder (0.89751ms)
✔ schema 5 migrates legacy supply contracts without changing roles (0.535495ms)
(node:3740) ExperimentalWarning: SQLite is an experimental feature and might change at any time
(Use `node --trace-warnings ...` to show where the warning was created)
✔ community link has a stable default and persists an idempotent admin update (5.723751ms)
✔ community link rejects unsafe URLs and non-admin updates (3.137911ms)
(node:3746) ExperimentalWarning: SQLite is an experimental feature and might change at any time
(Use `node --trace-warnings ...` to show where the warning was created)
✔ 合同审计与世界状态在同一事务提交，逐批资产转移可查询且幂等重试不重复 (365.658446ms)
✔ 异常结束统计按当前玩家方向返回赔付款 (117.223554ms)
✔ 审计写入失败时世界状态和审计事件一起回滚 (70.350892ms)
✔ 上线前已有合同只导入部分完整摘要，不伪造逐批事件 (49.694859ms)
✔ 合同审计按整数微单位保留小数单价、手续费和转账 (172.920782ms)
✔ contract runtime index matches the reference reservation scan for 2000 contracts (25.280761ms)
✔ contract runtime transitions release and acquire counts without rebuilding (1.432434ms)
✔ contract runtime deadline reads a live grace deadline without rebuilding (0.336466ms)
✔ unified incoming reservation adds commodity orders and highest auction bids (0.839583ms)
✔ 长期合同按批次冻结商品和货款并原子结算，不改变市场价格 (31.663563ms)
✔ 合同忽略非商品资产字段，商品不足时进入宽限期并由供应方违约 (11.186338ms)
✔ 客户端状态包含进行中合同摘要，路由解析所有合同动作 (10.786566ms)
✔ 合同最后三批可提出续签，双方确认后预留资产并在原合同完成时激活关联合同 (11.594883ms)
(node:3768) ExperimentalWarning: SQLite is an experimental feature and might change at any time
(Use `node --trace-warnings ...` to show where the warning was created)
✔ daily check-in boundaries use Monday weeks and Shanghai midnight (1.720668ms)
✔ daily check-in grants one gem once per server day (269.198207ms)
✔ seven complete days atomically grant the five-gem full-attendance bonus (520.011456ms)
✔ registration week can claim daily gems but cannot receive full-attendance bonus (338.09382ms)
✔ upstream cost changes propagate downstream one production edge per cycle (32.828195ms)
✔ downstream value changes propagate upstream one production edge per cycle (13.079546ms)
✔ multi-input downstream value reaches both copper and plastic with lag (8.952858ms)
✔ price transmission is damped and also carries price decreases (10.311322ms)
✔ hybrid fruit prices respond to beverage value after one relation lag (7.254553ms)
✔ appliance value makes machinery an automatically derived chain product (12.482568ms)
(node:3782) ExperimentalWarning: SQLite is an experimental feature and might change at any time
(Use `node --trace-warnings ...` to show where the warning was created)
✔ different products never match in the same order book (70.054666ms)
✔ work cooldown uses server time (40.720297ms)
✔ version 1 state migrates inventory and commodity orders without losing assets (5.911223ms)
✔ world version 7 grain assets migrate entirely to wheat (14.450478ms)
✔ idempotency returns the original response without applying an action twice (174.558236ms)
✔ client state uses the current version and exposes no factory instances (78.8715ms)
✔ expanded industry catalog exposes fruit and complete production chains (1.597463ms)
✔ market demand creates direct and derived orders within the shared group budget (27.588062ms)
✔ market demand retains 70% of zero-fill orders and publishes a bounded demand curve (59.642203ms)
✔ market demand retains partially filled carried orders and publishes a cent-priced next curve (76.362065ms)
✔ population-funded market demand does not scale with active player count (332.620256ms)
✔ population wallets continue funded demand without active players (35.912395ms)
✔ player inventory never increases market demand budget or product allocation (112.046266ms)
✔ consumer substitutes shift demand toward the cheaper grain without changing total budget (30.262976ms)
✔ beverage production paths shift toward cheaper fruit inputs (57.814152ms)
✔ fruit participates in fresh direct demand without expanding the food budget (25.342414ms)
✔ complement gating prioritizes the bottleneck input for electronics (21.774056ms)
✔ downstream price signals move upstream only after relation lag cycles (8.080476ms)
✔ state polling and failed actions do not refresh economic activity (157.494406ms)
✔ new worlds create private market demand orders during the first authoritative state read (62.524258ms)
✔ legacy demand migration immediately rebuilds market demand without losing player assets (27.474371ms)
✔ market demand model version 2 migrates to version 3 without resetting player assets (41.709125ms)
✔ migration removes obsolete system orders while preserving player orders (6.003922ms)
✔ world version 8 migration restarts electronics and upgrades market demand state without resetting assets (6.286297ms)
✔ commodity order fills preserve every exact player resting price without system liquidity (25.231187ms)
✔ 公开经济事件日历只返回当前与未来七天事件，并在同一事件窗口内保持确定性 (2.629906ms)
✔ 经济事件只重分配类别份额和商品选择权重，不扩大类别份额总和 (0.557679ms)
✔ reports whether RESEND_API_KEY and EMAIL_FROM are configured (1.48892ms)
✔ returns a safe explicit error when email delivery is not configured (1.368899ms)
✔ factory buy and sell orders use price-time matching and partial fills (140.485008ms)
✔ running factory sell order immediately reduces participating output (61.717104ms)
✔ production increments produced goods statistics (32.703217ms)
✔ production wage multiplier changes population wages without changing production cost and only affects the next cycle (50.476874ms)
✔ electronics factory atomically consumes plastic and copper (32.835305ms)
✔ electronics factory deducts no material when either input is missing (23.941526ms)
✔ fruit beverage recipe uses its own cost and atomically consumes fruit and sugar (35.376418ms)
✔ asset valuation uses the latest order-book trade and ignores open bid prices (61.695542ms)
✔ factory automatically recovers after funds return (55.358138ms)
✔ manual stop disables automatic recovery (46.151188ms)
✔ running farm crop changes apply immediately with a staffing penalty and progress reset (33.705545ms)
✔ legacy pending factory and recipe state migrates once into immediate participation (2.937579ms)
✔ warehouse errors recover without backfilling missed cycles (68.290753ms)
✔ stopped facilities apply recipes immediately and fixed recipes are idempotent (55.287682ms)
✔ legacy completed target plans migrate to a manual stop (13.241239ms)
✔ legacy running target plans become continuous production (39.581494ms)
✔ factory order books contain player orders only (35.931433ms)
✔ empty factory order books stay empty after world processing (39.029754ms)
✔ purchased factories join a running group immediately and dilute live staffing (70.093415ms)
✔ stopped factory staffing decays linearly from its stored timestamp (15.85402ms)
✔ running factory settles each completed cycle at its completion staffing rate and carries fractional capacity (46.307202ms)
✔ cycle completion rate can increase integer output beyond the cycle-start projection (30.953515ms)
✔ completion-time capacity still settles atomically when the final requirement is unavailable (33.637743ms)
✔ error staffing decays and auto recovery starts from the reduced live rate (58.721778ms)
✔ zero effective capacity can run without funds until a payable batch is due (231.165612ms)
✔ 化肥与化肥厂进入正式目录并保持 C4 参考利润 (1.850484ms)
✔ 世界版本 25 迁移仍补齐化肥库存与市场且保留既有资产 (22.161029ms)
✔ game routes decode identifiers and reject unsupported methods (2.783347ms)
✔ malformed route encoding is rejected as a client error (0.632421ms)
(node:3831) ExperimentalWarning: SQLite is an experimental feature and might change at any time
(Use `node --trace-warnings ...` to show where the warning was created)
✔ gem shop exchanges gems for credits atomically and records history (214.21983ms)
✔ gem shop idempotency prevents duplicate deduction and issuance (179.395873ms)
✔ legacy full idempotency responses are projected to slim acknowledgements (99.829228ms)
✔ gem shop rejects invalid quantities and insufficient balance without mutation (220.419678ms)
✔ terminal quote can be accepted only once per Shanghai day (115.376235ms)
✔ rejecting terminal quote locks the day without changing assets (199.539296ms)
✔ dynamic terminal quote uses the 100 baseline, 1-10000 bounds, and a 10% maximum daily change (0.471709ms)
(node:3838) ExperimentalWarning: SQLite is an experimental feature and might change at any time
(Use `node --trace-warnings ...` to show where the warning was created)
✔ admins can atomically generate and retry a 50000-code batch (1003.677448ms)
✔ bulk gift code generation validates count and administrator role (4.270604ms)
✔ HTTP API authenticates through the shared account service and honors idempotency (680.641209ms)
(node:3860) ExperimentalWarning: SQLite is an experimental feature and might change at any time
(Use `node --trace-warnings ...` to show where the warning was created)
✔ new players do not receive a starter construction material pack (137.769723ms)
✔ farm and orchard batches atomically consume only credits and complete immediately (259.591675ms)
✔ material-backed construction rolls back completely when one material is missing (206.4816ms)
✔ legacy construction migrates to one completed facility without charging materials again (125.985476ms)
(node:3861) ExperimentalWarning: SQLite is an experimental feature and might change at any time
(Use `node --trace-warnings ...` to show where the warning was created)
✔ share link registration immediately rewards only the inviter with gems (5.616189ms)
✔ registration form invite code rewards inviter once inside first-profile transaction (4.424255ms)
✔ existing Economy profile ignores invite parameters and can never be backfilled (2.523396ms)
✔ a second registration on the same IP creates an anomaly report without banning accounts (3.387145ms)
✔ administrator manually controls single-account and whole-incident bans (5.344099ms)
✔ review survives restart and a new same-IP account only reopens the report (4.332738ms)
✔ same-IP registration form code is recorded without a gem reward (3.400626ms)
✔ legacy automatic-ban migration remains idempotent after an audit-only partial attempt (6.265836ms)
✔ leaderboard week starts Monday 00:00 in Beijing time (1.610212ms)
✔ production board ranks weekly output quantity without price weighting (81.043788ms)
✔ all boards break score ties by latest economic activity before user id (48.472379ms)
✔ legacy players without activity timestamps fall back to registration time (5.913526ms)
✔ trading board sums actual seller gross volume, counts completed fills on cancelled orders, and ignores unfilled remainder and auctions (43.331896ms)
✔ legacy capped trading state is rebuilt once from current-period actual fills (54.715161ms)
✔ three weekly boards grant 50, 30, and 20 gems and allow repeat winners (113.407634ms)
✔ the first partial week records results without granting gems (78.199239ms)
✔ top ten payload still returns the current player outside the visible rows (40.660187ms)
✔ cancelling a running factory sell order restores the quantity immediately and dilutes staffing (122.829588ms)
✔ selling every participating factory puts the enabled group in error (53.079019ms)
✔ commodity sell order is created once and frozen once (36.086427ms)
✔ commodity order-book repair runs only when the persisted integrity version is stale (19.76274ms)
✔ market model 12 settles fills that happen after demand orders are created (115.864271ms)
✔ direct demand quote anchor accumulates fractional no-fill increases and recovers after service (460.206309ms)
✔ sustained fast full service lowers all direct demand tiers below reference price (112.333838ms)
✔ direct demand quote anchor stops at one cent (42.451261ms)
✔ zero fill below reference recovers slowly while partial service recovers more gently (82.533719ms)
✔ no direct demand converges toward reference and derived liquidity ignores a low direct anchor (17.551324ms)
✔ shortage pressure approaches the reference premium by at most a quarter percent per cycle (14.348104ms)
✔ market model 18 preserves model 16 demand state and escrow during rate-only migration (20.997307ms)
✔ market model 12 uses funded population wallets when no player is active (18.977068ms)
✔ player-only activity excludes consumption and reserve trades from budget activity (0.676418ms)
✔ market model 18 creates inventory-backed buy and sell orders without system self-trades (96.813341ms)
✔ system liquidity asks reprice above retained consumption bids instead of crossing (95.256379ms)
✔ selling to a reserve transfers reserve funds and does not count as consumption issuance (50.820341ms)
✔ buying from a reserve transfers real inventory and returns credits to the reserve (58.114415ms)
✔ liquidity orders are cancelled and re-reserved on the next cycle (68.41484ms)
✔ model 3 migrates directly to model 17 with one-time reserve seeding (6.559347ms)
✔ model 5 migrates to model 17 and releases obsolete liquidity reservations (66.144434ms)
✔ market reserve has no business target or quote-size ceiling and quotes cents (30.296676ms)
✔ 累计卖出手续费按成交总额精确收取 1% (1.974901ms)
✔ 既有卖单只从新成交开始累计且不追收旧 fill (1.249059ms)
✔ 商品卖单部分成交按同一卖单累计补收手续费 (82.792679ms)
✔ 工厂卖单使用相同手续费并只向本人公开匿名金额字段 (119.516173ms)
✔ 价格量化使用统一微单位并严格拒绝超过两位的玩家输入 (3.763111ms)
✔ 服务器金额只有一套六位微单位运算 (0.63181ms)
✔ 玩家提交金额不再静默截断且不改变宝石和数量 (1.559276ms)
✔ 市场卖方手续费通过整数微单位累计 (0.533313ms)
✔ 世界保存前保留六位账户金额且不再累计价格尾差准备金 (1.496251ms)
✔ commodity orders reject a price that crosses the same player resting order before freezing assets (53.5379ms)
✔ facility orders reject a price that crosses the same player resting order before freezing funds (25.535995ms)
✔ migration immediately settles legacy crossed commodity orders from different players at maker price (7.769669ms)
✔ migration cancels the newer legacy self-crossing commodity order and releases its frozen funds (7.808146ms)
✔ world pruning keeps the order array reference when no history is removed (2.681234ms)
✔ world pruning never removes open orders and only keeps 800 recent closed orders (13.653159ms)
✔ legacy system facility cleanup preserves the array when there is nothing to remove (0.87083ms)
✔ runtime order book preserves price-time-array priority for 4000 orders (61.479918ms)
✔ runtime order book tracks tail appends and rebuilds after array replacement (0.540974ms)
✔ runtime owner summaries share the indexed orders (0.559973ms)
✔ repeated matching reuses one runtime index (35.996761ms)
✔ runtime index excludes closed history from active books (21.117608ms)
✔ runtime owner aggregates follow fills and explicit cancellation (0.59195ms)
✔ main state keeps all open orders and only bounded recent closed orders for the current player (63.686026ms)
✔ order history provides opaque cursor pagination with only the current player anonymous fills (12.813476ms)
✔ order history rejects malformed cursors (7.552081ms)
✔ commodity and facility orders share one safe-integer quantity boundary without a fixed business cap (118.490921ms)
✔ commodity and facility books share the catalog-sized unfinished order limit (44.971904ms)
✔ commodity and facility orders share the cent tick without a fixed business price cap (89.385557ms)
✔ orders reject notionals outside the representable money range (40.391172ms)
✔ shared matcher preserves price-time priority, maker price, and partial fills for commodity (4.889916ms)
✔ shared matcher preserves price-time priority, maker price, and partial fills for facility (0.874596ms)
✔ shared matcher skips a same-player crossing order and continues to an eligible counterparty (0.971722ms)
✔ asset adapter can exclude otherwise crossing system orders without duplicating the matching loop (0.59814ms)
✔ ordinary player order state removes counterparties, demand sources, and linked order ids (59.392126ms)
(node:3972) ExperimentalWarning: SQLite is an experimental feature and might change at any time
(Use `node --trace-warnings ...` to show where the warning was created)
✔ player statistics record successful economic actions once and keep reads revision-stable (194.677542ms)
✔ player statistics reject non-admin callers (4.119597ms)
(node:3979) ExperimentalWarning: SQLite is an experimental feature and might change at any time
(Use `node --trace-warnings ...` to show where the warning was created)
✔ population economy version 5 migration does not repeat bootstrap issuance (18.152298ms)
✔ manual population top-up shares the same per-cycle cap with automatic stabilization (13.842193ms)
✔ runtime population policy mutations are idempotent, accept values above former caps, and create no audit rows (130.811005ms)
✔ population policy rejects only unsafe numeric results rather than fixed business maxima (5.121795ms)
✔ new worlds start with the permanent base population and no factory instances (24.388348ms)
✔ legacy population model migrates once to 10000 without changing wallets (4.997789ms)
✔ one C1 factory adds exactly eleven structural capacity and transfer keeps world capacity (6.187188ms)
✔ complexity weights and running staffing affect active capacity but not structure (4.414541ms)
✔ population migration is directional, bounded, and idempotent within one cycle (4.164915ms)
✔ dynamic stabilization budget follows actual population and preserves wallet-gap cap (7.852493ms)
✔ population classes remain conserved after adjacent structure conversion (4.064344ms)
✔ production employment uses factory complexity and preserves every integer credit (15.793799ms)
✔ construction employment is fixed at 60/30/10 and ignores factory complexity (4.55325ms)
✔ construction escrow releases by progress without creating or deleting money (4.273929ms)
✔ population buy orders use real escrow and refund price improvement and cancellation (7.909659ms)
✔ stabilization budget refills wallet gaps with a capped three-cycle target (9.39256ms)
✔ five consumption states use the authoritative food and household budget shares (0.524469ms)
✔ five consumption states expose complete food and household class shares (15.705938ms)
✔ population enters prosperous and lavish only after sustained qualification (7.119209ms)
✔ a single income spike does not immediately create prosperity and peak follows EMA (5.166201ms)
✔ lavish and prosperous states use two-cycle downgrade grace (4.192276ms)
✔ income stress downgrades immediately and two zero-income cycles enter subsistence (5.121985ms)
✔ consumption state changes allocation but not the spendable budget formula (12.861188ms)
✔ version 3 cautious state migrates to version 5 strained without reissuing bootstrap funds (3.306874ms)
✔ population funding slices preserve six-decimal escrow across fills and cancellation (5.523839ms)
✔ every factory route exposes four production methods with dedicated C1 inputs (3.079994ms)
✔ representative production method plans use the approved fixed-precision values (0.467343ms)
✔ public client state keeps the legacy recipe list and exposes optional method metadata (41.376295ms)
✔ running factory switches production method immediately with one staffing penalty (106.197247ms)
✔ legacy C1 generic method IDs migrate safely to the base method (6.9199ms)
✔ C1 whole-good inputs fail atomically when a complete cycle input is unavailable (45.205184ms)
✔ rate limit removes expired user buckets instead of growing forever (2.250306ms)
✔ rate limit still enforces the configured window after sweeping (0.187412ms)
(node:4014) ExperimentalWarning: SQLite is an experimental feature and might change at any time
(Use `node --trace-warnings ...` to show where the warning was created)
✔ registration external account and email calls run outside the authoritative write executor (7.39224ms)
✔ registration IP prefers trusted reverse-proxy real IP over a client-supplied forwarded chain (0.278158ms)
✔ rejects an existing unified account before creating or sending a verification (2.594473ms)
✔ sends and completes a verification without storing plaintext code (3.082928ms)
✔ sends share-link invite code through email registration and immediately rewards inviter (3.891494ms)
✔ accepts a manually entered invite code during registration and rewards immediately (3.014174ms)
✔ enforces ten-minute expiry and sixty-second resend cooldown (3.007544ms)
✔ invalidates after five wrong attempts and rejects IP changes (6.37441ms)
✔ used code cannot be reused but the same completion request is idempotent (4.212858ms)
✔ homepage and direct Economy registrations both create duplicate-IP anomaly reports without automatic bans (3.580827ms)
✔ request metrics normalize route identifiers (1.541789ms)
✔ request metrics aggregate duration and application response bytes (13.464355ms)
✔ request metrics cap route cardinality and aggregate overflow (1.56196ms)
✔ request latency histograms merge across minute, hour, and day rollups (1.067997ms)
✔ request performance aggregates nested phases and gauges inside one request context (1.614379ms)
✔ request performance does nothing outside a request context (0.976108ms)
✔ immediately completes research shorter than thirty minutes (20.770536ms)
✔ shortens a long active project by exactly thirty minutes (8.51521ms)
✔ rejects missing gems without changing the deadline (8.245344ms)
✔ new players start with two C1 technologies and unlock facilities by concrete technology (21.626534ms)
✔ technology prerequisites form real industrial chains (6.114168ms)
✔ legacy C1-C7 requests research the remaining technologies of the next complete stage (9.759081ms)
✔ legacy levels and existing facility commitments migrate without removing access (12.405011ms)
(node:4045) ExperimentalWarning: SQLite is an experimental feature and might change at any time
(Use `node --trace-warnings ...` to show where the warning was created)
✔ hot actions do not rerun cold world migrations and process global deadlines once (166.002443ms)
✔ idempotency expiry cleanup is throttled instead of running on every action (208.432517ms)
(node:4056) ExperimentalWarning: SQLite is an experimental feature and might change at any time
(Use `node --trace-warnings ...` to show where the warning was created)
✔ server status range is constrained to hour, day, and month windows (1.35604ms)
✔ server status is read-only and returns bounded diagnostics (11.749833ms)
✔ server status changes bucket granularity for hour, day, and month ranges (47.257311ms)
✔ runtime collector rolls completed minutes into bounded hour and day buckets (27.181013ms)
✔ new players receive 500 credits with a matching startup ledger entry (17.182314ms)
✔ ensuring an existing player does not top up or rewrite their balance (10.25843ms)
✔ initial delivery returns all six state partitions without a full state field (2.573881ms)
✔ precomputed partition snapshots bypass state splitting and hashing during delivery (0.436657ms)
✔ catalog snapshots reuse one static partition and revision across player projections (0.401283ms)
✔ known partition revisions suppress unchanged partitions (0.383897ms)
✔ ranked leaderboard changes stay inside the leaderboard partition (0.461144ms)
✔ a global revision change unrelated to the viewer can return no patches (1.638906ms)
✔ unchanged delivery still returns a fresh server time without creating patches (0.285599ms)
✔ action delivery keeps only result status, message, and committed revision (0.341964ms)
✔ partition revisions accept only bounded safe tokens (0.51193ms)
(node:4076) ExperimentalWarning: SQLite is an experimental feature and might change at any time
(Use `node --trace-warnings ...` to show where the warning was created)
✔ idle version polling returns a compact response without writing the world (191.836944ms)
✔ same-revision polls inside the processing window bypass SQLite transactions (79.166635ms)
✔ an authoritative action advances the revision and invalidates an older poll (137.454016ms)
✔ due world processing advances the revision during version polling (184.253609ms)
✔ scheduled production polling always uses the revision fast path until the global scheduler changes it (154.198742ms)
✔ same economic event window keeps the market revision stable while serverNow advances (84.691796ms)
✔ another player work action does not send an unrelated viewer a full market partition (189.826891ms)
✔ rolled back transactions restore the in-memory world cache (99.170574ms)
✔ runtime failed actions keep the world row unchanged and reuse the current revision (106.28164ms)
✔ runtime state delivery reuses the current revision cache for the contract projection (77.767561ms)
(node:4084) ExperimentalWarning: SQLite is an experimental feature and might change at any time
(Use `node --trace-warnings ...` to show where the warning was created)
✔ runtime state projection cache reuses final state and partition snapshots for one revision (148.854955ms)
✔ catalog partition cache is shared across users while player partitions remain isolated (157.323383ms)
✔ 工具与工具工坊进入正式目录并保持 C4 参考利润 (2.106388ms)
✔ 市场需求模型 18 在固定耐用品预算内加入工具需求 (0.277487ms)
✔ 世界版本 25 迁移补齐工具库存与市场且保留资产 (31.612598ms)
(node:4098) ExperimentalWarning: SQLite is an experimental feature and might change at any time
(Use `node --trace-warnings ...` to show where the warning was created)
✔ existing players migrate as completed while new players start incomplete (216.39989ms)
✔ tutorial completion is idempotent and does not mutate world state (84.411755ms)
(node:4105) ExperimentalWarning: SQLite is an experimental feature and might change at any time
(Use `node --trace-warnings ...` to show where the warning was created)
✔ gift codes can be created by admins and redeemed once per player (224.127153ms)
✔ non-admin users cannot read administrator summary (2.701433ms)
✔ warehouse usage combines inventory, buy orders, highest bids, and active contract next batches (21.360659ms)
✔ contract acceptance rejects capacity already reserved by buy orders and highest bids (12.910228ms)
(node:4119) ExperimentalWarning: SQLite is an experimental feature and might change at any time
(Use `node --trace-warnings ...` to show where the warning was created)
✔ email verification cleanup expires active rows and deletes only old terminal records (2.041651ms)
(node:4126) ExperimentalWarning: SQLite is an experimental feature and might change at any time
(Use `node --trace-warnings ...` to show where the warning was created)
✖ warehouse state defaults to level 1 and current client version (161.375818ms)
✔ warehouse capacity increase grows by level while upgrade cost grows linearly with capacity (0.503247ms)
✔ warehouse usage counts stored goods and remaining open commodity buy orders only (111.273888ms)
✔ warehouse usage excludes legacy facility buy orders before migration (0.461955ms)
✔ warehouse upgrade deducts server funds and increases shared capacity (114.403326ms)
✔ warehouse summary price matches the amount deducted for the same actual capacity (128.25491ms)
✔ warehouse upgrade preserves stored and reserved usage while adding free capacity (80.883398ms)
✔ warehouse upgrade rejects insufficient funds without changing capacity (63.065528ms)
✔ legacy custom capacity infers a non-decreasing warehouse level (45.52163ms)
✔ legacy stored level behind capacity is advanced and can still expand (71.625293ms)
✔ warehouse can continue upgrading after former level 12 limit (56.089665ms)
✔ warehouse upgrade is idempotent (60.950547ms)
✔ successful economic activity activates only the current week and interest begins next midnight (25.304321ms)
✔ an active week closes one immutable ten-percent assessment and login collects deposit before cash (10.588005ms)
✔ frozen money is assessed without breaking escrow and unpaid settlement remains a liability (8.710532ms)
✔ a long inactive return produces one login assessment instead of one assessment per missed week (7.016734ms)
✔ loan liabilities lower the weekly assessment base (6.384854ms)
(node:4140) ExperimentalWarning: SQLite is an experimental feature and might change at any time
(Use `node --trace-warnings ...` to show where the warning was created)
✔ instant construction registers no employment deadline (1.108848ms)
✔ world deadline planner selects the earliest authoritative event (18.020806ms)
✔ deadline scheduler performs zero world transactions during a 60 second idle window (114.17368ms)
✔ deadline scheduler wakes at the planned event and processes one world transaction (152.460989ms)
✔ long deadline timer segments early wakeups without opening a world transaction (47.721188ms)
✔ scheduler transaction failure preserves authority and retries after the one second floor (94.305306ms)
ℹ tests 345
ℹ suites 0
ℹ pass 344
ℹ fail 1
ℹ cancelled 0
ℹ skipped 0
ℹ todo 0
ℹ duration_ms 9061.979604

✖ failing tests:

test at server/test/warehouse.test.js:61:1
✖ warehouse state defaults to level 1 and current client version (161.375818ms)
  AssertionError [ERR_ASSERTION]: Expected values to be strictly equal:
  
  0 !== 6
  
      at TestContext.<anonymous> (file:///home/runner/work/Economy/Economy/server/test/warehouse.test.js:72:12)
      at Test.runInAsyncScope (node:async_hooks:214:14)
      at Test.run (node:internal/test_runner/test:1062:25)
      at Test.start (node:internal/test_runner/test:959:17)
      at startSubtestAfterBootstrap (node:internal/test_runner/harness:332:17) {
    generatedMessage: true,
    code: 'ERR_ASSERTION',
    actual: 0,
    expected: 6,
    operator: 'strictEqual'
  }
