
> economy@0.4.0 build
> npm run verify:architecture && npm run test:nginx-config && npm run server:check && npm run server:test && tsc && vite build


> economy@0.4.0 verify:architecture
> node scripts/verify-document-authority.mjs && node scripts/verify-client-state-version.mjs && node scripts/verify-order-matching-core.mjs && node scripts/verify-market-action-latency.mjs && node --experimental-strip-types scripts/verify-runtime-architecture.mjs && node scripts/verify-state-delivery-capacity.mjs && node scripts/verify-authentication-cache.mjs && node scripts/verify-email-registration.mjs && node scripts/verify-stress-test-accounts.mjs && node scripts/verify-scroll-ownership.mjs && node scripts/verify-gems-invitations-and-bans.mjs && node scripts/verify-gem-shop.mjs && node scripts/verify-page-content.mjs && npm run verify:navigation-badges && node scripts/verify-game-tutorial.mjs && node scripts/verify-assets-page.mjs && node scripts/verify-settings-layout.mjs && node scripts/verify-reset-disabled.mjs && node --experimental-strip-types scripts/verify-display-format.mjs && node scripts/verify-ui-architecture-runner.mjs && node scripts/verify-page-section-spacing.mjs && npm run verify:product-artwork && node scripts/verify-form-controls.mjs && node scripts/verify-contract-layout.mjs && node scripts/verify-currency-svg.mjs && node scripts/verify-mobile-touch-feedback.mjs && node scripts/verify-interaction-modality.mjs && node scripts/verify-virtual-list-scroll-chaining.mjs && node scripts/verify-overlay-scrollbars.mjs && node scripts/verify-overview-content.mjs && node scripts/verify-industry-catalog.mjs && node scripts/verify-unified-factory-recipes-grid.mjs && node scripts/verify-production-desktop-layout.mjs && node scripts/verify-staple-crops-demand.mjs && node --experimental-strip-types scripts/verify-market-assets.mjs && node scripts/verify-market-page-layout.mjs && node scripts/verify-local-trade-privacy.mjs && node scripts/verify-market-sell-fee.mjs && node scripts/verify-leaderboards.mjs && node --experimental-strip-types scripts/verify-market-chart.mjs && node scripts/verify-liquid-glass-chrome.mjs && node scripts/verify-desktop-primary-surfaces.mjs && node scripts/verify-authoritative-countdowns.mjs && node scripts/verify-primary-surface-insets.mjs && node scripts/verify-game-shell-layout.mjs && node scripts/verify-warehouse-expansion.mjs && node scripts/verify-facility-groups.mjs && node --experimental-strip-types scripts/verify-recipe-profit-analysis.mjs && node scripts/verify-asset-auctions.mjs && node scripts/verify-gift-code-batches.mjs && node scripts/verify-admin-navigation.mjs && node scripts/verify-admin-player-statistics.mjs && node scripts/verify-runtime-efficiency.mjs && node scripts/verify-runtime-reliability.mjs && node scripts/verify-mobile-facility-pull-refresh.mjs

文档权威性验证通过：登记文档清单、版本 17/15、市场需求模型 10、长期生产合同、商品／工厂资产拍卖、真实人口钱包、就业资金流、统一订单簿、双边市场储备和九页导航职责均满足当前基线。
客户端状态版本契约验证通过：当前 17，最低兼容 17
共享撮合内核验证通过：商品与工厂复用有界订单簿索引、价格时间优先、maker price、部分成交、fill 和手续费状态机。
市场动作延迟防回退验证通过：商品订单单次共享撮合、全量修复版本化、POST 后异步补拉、重复提交锁和请求超时均已锁定。
运行时架构验证通过：页面动态拆包、局部时钟、虚拟列表二分与滚动合并、资产比例和本地日志缓存均已锁定。
状态交付容量验证通过：世界缓存、单一全局调度、六分区增量交付与完整快照替换、独立 serverNow、共享单调服务器时钟、动作精简确认与确认后分区补拉、修订号门禁、可抢占刷新任务、5 秒默认间隔和 JSON gzip 均已锁定。
认证缓存验证通过：状态 10 秒、写操作 2 秒、管理员零缓存、请求合并和 5000 条 LRU 已锁定。
邮箱验证码注册验证通过：发送前查重、验证码安全、分享链接归因、统一同 IP 封禁、双模式页面与 Nginx 路由均已锁定。
Fixed reusable stress-test account registry and secret boundary verification passed.
Nested custom/native scroll ownership, shared signed-in page scroll, boundary release and control location verification passed.
宝石、邀请与封禁验证通过：服务器权威宝石、直接货币兑换发行、双邀请入口、立即奖励、同 IP 全组封禁、管理员解禁、版本与防回退规则均已锁定。
商店验证通过：独立页面、服务器固定汇率、原子兑换、幂等、记录规则和共享一级卡片内边距均已锁定。
页面内容、九页导航、合同默认进行中视图、主页 SVG Logo、登录注册、高增长记录窗口化、邀请、商店、商品／工厂资产拍卖、管理员共享外壳、全局紧凑数字、生产公式和仓库职责验证通过。

> economy@0.4.0 verify:navigation-badges
> node --experimental-strip-types scripts/verify-navigation-badges.mjs

navigation badge verification passed
Game tutorial verification passed.
资产页统一总览、构成拆分、移动布局与防回退验证通过。
设置页独立主列／侧列、四项统计、账号分组、禁用重置与设计文档验证通过。
经济状态重置已从网页、小程序、客户端动作和服务器领域写入中移除；教程重开仅清除本地教程轮次，旧重置接口仅返回 410。
时间与排名格式验证通过：持续时间统一使用 s/m/h，排名统一由状态栏和排行榜使用 #N。
共享 UI、唯一开关、导航完全不透明状态色、独立工厂 SVG 与统一商品图标验证通过。
页面一级区块统一间距验证通过：PageLayout 自动内容栈、外壳沟槽映射、直接子元素外边距清理、新页面扫描、设计权威与真实几何回归均已锁定。

> economy@0.4.0 verify:product-artwork
> npm run generate:product-artwork && node scripts/verify-product-artwork.mjs


> economy@0.4.0 generate:product-artwork
> node scripts/generate-product-artwork-thumbnails.mjs

商品运行时缩略图生成完成：31 种 128×128 RGBA PNG，总计 691.6 KiB，更新 31 个文件。
商品图片视觉验证通过：31 种 1024×1024 RGBA PNG 源图已生成 128×128 运行时缩略图，紧凑语义位置继续使用 SVG。
统一表单、数字草稿、整数输入滚轮归属、统一导航角标与移动端尺寸验证通过。
合同页统一表单、工作台层级、移动标签独立命中区域、平板与移动响应式布局、历史列表和浏览器回归验证通过。
货币 SVG 验证通过：57 处可见金额统一使用 CreditsIcon，通知边界兼容旧字符串，玩家端源码无字符货币符号。
移动触摸反馈验证通过：原生蓝色 tap highlight 已关闭，键盘 focus-visible 焦点保持不变。
全局输入方式验证通过；当前遗留未约束 hover 24 条，新增条目为 0。
Shared virtual windowing, single two-axis record viewport and boundary scroll chaining verification passed.
统一尺寸、共享登录后页面滚动、鼠标与触控策略、隐藏触控横向轨道、无级资产目录和单一双轴虚拟成交表验证通过。
概览验证通过：共享外壳折叠、教程提醒容量、紧凑图表几何、市场空值、现金事件、短列表滚动、状态栏趋势与浏览器碰撞回归满足设计基线。
产业目录验证通过：31 种商品、21 种工厂、C1～C7 建设复杂度、精确建造费与施工时间、配方级参数及 1/3/6/6/8/10/12 参考分钟利润梯度。
工厂集群三列状态卡、无持久选中态、主从布局、状态标题层级、无顶部关闭按钮、统一收起动画、单厂平均利润布局、紧凑标题、共享活动滚动条、目录顺序默认详情、焦点与滚动控制、通用配方和集群公式验证通过。
桌面生产页建设卡与详情卡 sticky 对齐、唯一职责、自然高度详情和统一滚动验证通过。
市场需求验证通过：模型 10 使用真实人口钱包覆盖全部 31 种商品，并保持双向直接需求报价、既有总预算、派生流动性和市场储备约束。
统一资产市场、非交叉撮合、价格档位聚合、玩家／消费需求／市场储备商品订单、窗口化本地成交、管理员高增长记录和本地默认价格验证通过。
市场页布局、资产目录轨道、商品卡双层结构、价格档位、数据口径、禁用反馈与共享移动层级浏览器回归基线验证通过。
普通玩家订单 API、本地存储和市场成交展示均已匿名化，人口模型及资金池字段不会公开。
玩家商品与工厂卖出手续费、累计部分成交、匿名公开字段、前端展示和拍卖隔离验证通过。
Leaderboard verification passed.
Market chart verification passed: overview and market share 24h buckets with net active flow colors, weighted reserve signals and windowed trade counts.
liquid-glass-react 共享登录后外壳、桌面独立预设、管理员玻璃工作栏、移动 Chrome、固定五列状态栏、开放背景采样链与安全边缘滚动条验证通过。
桌面一级卡片与共享工作栏 24px 圆角、桌面独立玻璃预设、顶层连续结构描边、零第三方装饰层和无外部阴影验证通过。
权威倒计时验证通过：GET state 使用独立 serverNow 校准共享单调服务器时钟，轮询不得重置工作冷却；权威刷新可抢占普通轮询，请求具备超时，施工、生产周期、拍卖和排行榜到期采用串行每秒确认，状态分区使用完整快照替换。
一级卡片统一内边距验证通过：桌面 16px、移动 12px、共享组件语义、旧类兼容、样式与设计文档权威、加载顺序和页面覆盖清理均已锁定。
游戏与管理员共享外壳验证通过：统一桌面沟槽、共享滚动视口、管理员玻璃工作栏、移动 Overlay 与贴边滚动条均已锁定。
仓库无限扩容、容量线性定价、商品插画主视觉布局、移动端四列、目录顺序工厂卡、建设卡精简和集群公式验证通过。
工厂持续生产、紧凑标题状态、统一收起动画、通用配方周期边界切换、三态自动恢复、多输入输出公式和自然高度主从卡片验证通过。
市场目录真实成交价、单厂平均利润固定单座口径、具体缺价提示和完整利润卡移除验证通过。
商品／工厂单项与捆绑资产拍卖、世界 15 整包取消迁移、数据库快照、410 墓碑、九页导航、数量草稿、冻结与仓库预占、原子结算及订单簿行情隔离验证通过。
最多 50000 个礼品码的原子批量生成、幂等重试、游标分页和 TXT 下载验证通过。
管理员导航与运营控制台验证通过：概览、玩家、人口、礼品、封禁五分区，社区并入概览，桌面共享外壳、人口政策、虚拟列表及移动统一 Chrome 层均已锁定。
管理员玩家运营统计验证通过：成功经济写操作、精确覆盖、真实成交估值、隐私边界、独立玩家分区和移动响应式均已锁定。
运行时效率验证通过：自适应轮询、到期驱动调度、无变化动作不写世界、订单簿与合同线性索引、状态投影复用和有界请求指标均已锁定。
依赖锁、CI 去重、失败步骤日志 Artifact、浏览器存储容错、管理员分页、验证码保留、限流清理和浏览器测试均符合当前设计。
移动工厂详情下拉刷新保护验证通过：根视口终止 overscroll、详情局部非被动手势、设计与浏览器回归均已锁定。

> economy@0.4.0 test:nginx-config
> python3 scripts/test_configure_economy_nginx.py && python3 scripts/test_configure_economy_registration_nginx.py

.........
----------------------------------------------------------------------
Ran 9 tests in 0.005s

OK
..
----------------------------------------------------------------------
Ran 2 tests in 0.001s

OK

> economy@0.4.0 server:check
> node --check server/src/*.js


> economy@0.4.0 server:test
> node --test server/test/*.test.js

✔ checks the homepage loopback endpoint and rejects registered emails (33.118871ms)
(node:2870) ExperimentalWarning: SQLite is an experimental feature and might change at any time
(Use `node --trace-warnings ...` to show where the warning was created)
✔ gift codes and redemptions use stable cursor pagination (5.06926ms)
(node:2871) ExperimentalWarning: SQLite is an experimental feature and might change at any time
(Use `node --trace-warnings ...` to show where the warning was created)
✔ unchanged admin summary does not advance the world revision (74.124249ms)
✔ market demand model 10 gives every product direct terminal demand (2.586251ms)
✔ model 9 migration refunds population escrow before model 10 rebuild (73.164944ms)
✔ 商品拍卖冻结商品、为最高出价者预占仓库并在成交后转移数量 (13.901618ms)
✔ 商品竞拍必须有足够仓库容量，取消无出价拍卖释放商品 (3.315364ms)
✔ 工厂拍卖冻结运行数量，成交后转移工厂且不写入工厂行情 (15.378289ms)
✔ 商品与工厂资产包整体冻结并原子成交 (4.401673ms)
✔ 客户端只返回商品与工厂通用资产拍卖 (2.646564ms)
✔ 世界 15 迁移保留纯资产拍卖并整包取消含藏品的开放拍卖 (6.54112ms)
✔ 世界 15 迁移按稳定 ID 去重并优先保留 assetAuctions 记录 (2.234324ms)
(node:2904) ExperimentalWarning: SQLite is an experimental feature and might change at any time
(Use `node --trace-warnings ...` to show where the warning was created)
✔ client state version 17 excludes all player log arrays and factory instances (82.943808ms)
✔ actions update authoritative state without writing player logs to SQLite (104.880326ms)
✔ legacy server logs and factory instance array are removed during the next state load (53.858106ms)
✔ idempotency preserves authoritative response without creating server logs (57.62898ms)
✔ authentication cache enforces TTL, LRU order, and request coalescing (23.904136ms)
✔ authentication policy separates state, write, and administrator requests (0.636088ms)
✔ authentication caches valid state reads, coalesces misses, and never caches upstream failures (78.248232ms)
(node:2918) ExperimentalWarning: SQLite is an experimental feature and might change at any time
(Use `node --trace-warnings ...` to show where the warning was created)
✔ community link has a stable default and persists an idempotent admin update (3.783829ms)
✔ community link rejects unsafe URLs and non-admin updates (1.992281ms)
✔ contract runtime index matches the reference reservation scan for 2000 contracts (26.253536ms)
✔ contract runtime transitions release and acquire counts without rebuilding (1.864834ms)
✔ contract runtime deadline reads a live grace deadline without rebuilding (0.309939ms)
✔ unified incoming reservation adds commodity orders and highest auction bids (0.757155ms)
✔ 长期合同按批次冻结商品和货款并原子结算，不改变市场价格 (13.802345ms)
✔ 合同忽略非商品资产字段，商品不足时进入宽限期并由供应方违约 (3.00814ms)
✔ 客户端状态包含进行中合同摘要，路由解析所有合同动作 (4.083589ms)
✔ upstream cost changes propagate downstream one production edge per cycle (20.058691ms)
✔ downstream value changes propagate upstream one production edge per cycle (8.552126ms)
✔ multi-input downstream value reaches both copper and plastic with lag (4.481362ms)
✔ price transmission is damped and also carries price decreases (5.542156ms)
✔ hybrid fruit prices respond to beverage value after one relation lag (6.116697ms)
✔ appliance value makes machinery an automatically derived chain product (4.375123ms)
(node:2946) ExperimentalWarning: SQLite is an experimental feature and might change at any time
(Use `node --trace-warnings ...` to show where the warning was created)
✔ different products never match in the same order book (26.658091ms)
✔ work cooldown uses server time (16.252061ms)
✔ version 1 state migrates inventory and commodity orders without losing assets (2.138415ms)
✔ world version 7 grain assets migrate entirely to wheat (3.470584ms)
✔ idempotency returns the original response without applying an action twice (95.56472ms)
✔ client state uses version 17 and exposes no factory instances (41.007749ms)
✔ expanded industry catalog exposes fruit and complete production chains (1.469796ms)
✔ market demand creates direct and derived orders within the shared group budget (21.038553ms)
✔ market demand retains at most 35% of unsold orders and publishes a bounded demand curve (30.125288ms)
✔ market demand cancels carried orders and resets to the model price after a sale (30.289624ms)
✔ population-funded market demand does not scale with active player count (158.273074ms)
✔ population wallets continue funded demand without active players (11.612494ms)
✔ player inventory never increases market demand budget or product allocation (31.139193ms)
✔ consumer substitutes shift demand toward the cheaper grain without changing total budget (7.723208ms)
✔ beverage production paths shift toward cheaper fruit inputs (12.765218ms)
✔ fruit participates in fresh direct demand without expanding the food budget (11.508189ms)
✔ complement gating prioritizes the bottleneck input for electronics (5.950964ms)
✔ downstream price signals move upstream only after relation lag cycles (3.498596ms)
✔ state polling and failed actions do not refresh economic activity (82.035295ms)
✔ new worlds create private market demand orders during the first authoritative state read (48.185407ms)
✔ legacy demand migration immediately rebuilds market demand without losing player assets (11.073757ms)
✔ market demand model version 2 migrates to version 3 without resetting player assets (15.857404ms)
✔ migration removes obsolete system orders while preserving player orders (3.860055ms)
✔ world version 8 migration restarts electronics and upgrades market demand state without resetting assets (7.941987ms)
✔ commodity order fills preserve every exact player resting price without system liquidity (26.13827ms)
✔ reports whether RESEND_API_KEY and EMAIL_FROM are configured (2.405002ms)
✔ returns a safe explicit error when email delivery is not configured (1.483452ms)
✔ factory buy and sell orders use price-time matching and partial fills (61.384342ms)
✔ running factory sell order immediately reduces participating output (30.795395ms)
✔ production increments produced goods statistics (23.931748ms)
✔ production wage multiplier changes population wages without changing production cost and only affects the next cycle (25.202833ms)
✔ electronics factory atomically consumes plastic and copper (17.330376ms)
✔ electronics factory deducts no material when either input is missing (15.05746ms)
✔ fruit beverage recipe uses its own cost and atomically consumes fruit and sugar (13.990978ms)
✔ asset valuation uses the latest order-book trade and ignores open bid prices (16.900233ms)
✔ factory automatically recovers after funds return (12.915137ms)
✔ manual stop disables automatic recovery (13.331095ms)
✔ running farm crop changes apply at the next cycle boundary (50.946546ms)
✔ warehouse errors recover without backfilling missed cycles (20.517059ms)
✔ stopped facilities apply recipes immediately and fixed recipes are idempotent (13.613251ms)
✔ legacy completed target plans migrate to a manual stop (0.699738ms)
✔ legacy running target plans become continuous production (11.845499ms)
✔ factory order books contain player orders only (12.627029ms)
✔ empty factory order books stay empty after world processing (13.102484ms)
✔ game routes decode identifiers and reject unsupported methods (2.640032ms)
✔ malformed route encoding is rejected as a client error (0.792911ms)
(node:2974) ExperimentalWarning: SQLite is an experimental feature and might change at any time
(Use `node --trace-warnings ...` to show where the warning was created)
✔ gem shop exchanges gems for credits atomically and records history (129.815207ms)
✔ gem shop idempotency prevents duplicate deduction and issuance (98.717919ms)
✔ legacy full idempotency responses are projected to slim acknowledgements (35.373303ms)
✔ gem shop rejects invalid quantities and insufficient balance without mutation (118.033345ms)
(node:2981) ExperimentalWarning: SQLite is an experimental feature and might change at any time
(Use `node --trace-warnings ...` to show where the warning was created)
✔ admins can atomically generate and retry a 50000-code batch (1259.876776ms)
✔ bulk gift code generation validates count and administrator role (1.979398ms)
✔ HTTP API authenticates through the shared account service and honors idempotency (506.840407ms)
(node:3003) ExperimentalWarning: SQLite is an experimental feature and might change at any time
(Use `node --trace-warnings ...` to show where the warning was created)
✔ share link registration immediately rewards only the inviter with gems (7.320365ms)
✔ manual code claim rewards inviter once and remains mutually exclusive with link attribution (3.812933ms)
✔ manual invitation claim expires after twenty four hours (2.699823ms)
✔ a second registration on the same IP bans the whole account group before invitation reward (5.111327ms)
✔ administrator can unban one account or an entire duplicate-IP incident (4.524563ms)
✔ manual unban survives restart reconciliation until a new same-IP registration appears (5.209632ms)
✔ manual same-IP code is consumed without a gem reward after administrator review (3.587271ms)
✔ leaderboard week starts Monday 00:00 in Beijing time (1.400557ms)
✔ trading board sums actual seller gross volume, counts completed fills on cancelled orders, and ignores unfilled remainder and auctions (90.074457ms)
✔ legacy capped trading state is rebuilt once from current-period actual fills (38.006252ms)
✔ three weekly boards grant 30, 20, and 10 gems and allow repeat winners (60.346077ms)
✔ the first partial week records results without granting gems (27.511556ms)
✔ top ten payload still returns the current player outside the visible rows (20.514805ms)
✔ cancelling a running factory sell order joins the quantity next cycle (93.594129ms)
✔ selling every participating factory puts the enabled group in error (27.237294ms)
✔ commodity sell order is created once and frozen once (12.598756ms)
✔ commodity order-book repair runs only when the persisted integrity version is stale (4.605303ms)
✔ market model 10 settles fills that happen after demand orders are created (36.119517ms)
✔ direct demand quote anchor accumulates fractional no-fill increases and recovers after service (97.343652ms)
✔ sustained fast full service lowers all direct demand tiers below reference price (24.066941ms)
✔ direct demand quote anchor stops at absolute price one (9.430969ms)
✔ zero fill below reference recovers slowly while partial service recovers more gently (19.824445ms)
✔ no direct demand converges toward reference and derived liquidity ignores a low direct anchor (5.2617ms)
✔ shortage pressure approaches the reference premium by at most half a percent per cycle (5.236562ms)
✔ market model 10 uses funded population wallets when no player is active (6.29472ms)
✔ player-only activity excludes consumption and reserve trades from budget activity (0.703187ms)
✔ market model 10 creates inventory-backed buy and sell orders without system self-trades (59.510268ms)
✔ system liquidity asks reprice above retained consumption bids instead of crossing (30.075135ms)
✔ selling to a reserve transfers reserve funds and does not count as consumption issuance (15.260559ms)
✔ buying from a reserve transfers real inventory and returns credits to the reserve (23.25506ms)
✔ liquidity orders are cancelled and re-reserved on the next cycle (31.774019ms)
✔ model 3 migrates directly to model 10 with one-time reserve seeding (2.383373ms)
✔ model 5 migrates to model 10 and releases obsolete liquidity reservations (28.633994ms)
✔ 累计卖出手续费按成交总额精确收取 1% (3.029079ms)
✔ 既有卖单只从新成交开始累计且不追收旧 fill (1.200723ms)
✔ 商品卖单部分成交按同一卖单累计补收手续费 (33.537623ms)
✔ 工厂卖单使用相同手续费并只向本人公开匿名金额字段 (67.999223ms)
✔ commodity orders reject a price that crosses the same player resting order before freezing assets (15.921654ms)
✔ facility orders reject a price that crosses the same player resting order before freezing funds (9.109718ms)
✔ migration immediately settles legacy crossed commodity orders from different players at maker price (3.518179ms)
✔ migration cancels the newer legacy self-crossing commodity order and releases its frozen funds (1.365341ms)
✔ runtime order book preserves price-time-array priority for 4000 orders (33.496327ms)
✔ runtime order book tracks tail appends and rebuilds after array replacement (0.475588ms)
✔ runtime owner summaries share the indexed orders (0.533827ms)
✔ repeated matching reuses one runtime index (22.692483ms)
✔ shared matcher preserves price-time priority, maker price, and partial fills for commodity (4.064022ms)
✔ shared matcher preserves price-time priority, maker price, and partial fills for facility (0.579613ms)
✔ shared matcher skips a same-player crossing order and continues to an eligible counterparty (0.852633ms)
✔ asset adapter can exclude otherwise crossing system orders without duplicating the matching loop (0.525091ms)
✔ ordinary player order state removes counterparties, demand sources, and linked order ids (24.831517ms)
(node:3080) ExperimentalWarning: SQLite is an experimental feature and might change at any time
(Use `node --trace-warnings ...` to show where the warning was created)
✔ player statistics record successful economic actions once and keep reads revision-stable (93.956729ms)
✔ player statistics reject non-admin callers (1.72875ms)
(node:3081) ExperimentalWarning: SQLite is an experimental feature and might change at any time
(Use `node --trace-warnings ...` to show where the warning was created)
✔ population economy version 4 migration does not repeat bootstrap issuance (9.448872ms)
✔ manual population top-up shares the same per-cycle cap with automatic stabilization (7.342427ms)
✔ runtime population policy mutations are idempotent, accept values above former caps, and create no audit rows (71.16647ms)
✔ population policy rejects only unsafe numeric results rather than fixed business maxima (3.365267ms)
✔ production employment uses factory complexity and preserves every integer credit (10.051106ms)
✔ construction employment is fixed at 60/30/10 and ignores factory complexity (2.62821ms)
✔ construction escrow releases by progress without creating or deleting money (1.647518ms)
✔ population buy orders use real escrow and refund price improvement and cancellation (1.732777ms)
✔ stabilization budget refills wallet gaps with a capped three-cycle target (3.781234ms)
✔ five consumption states use the authoritative food and household budget shares (0.340466ms)
✔ five consumption states expose complete food and household class shares (7.870112ms)
✔ population enters prosperous and lavish only after sustained qualification (2.19971ms)
✔ a single income spike does not immediately create prosperity and peak follows EMA (1.67553ms)
✔ lavish and prosperous states use two-cycle downgrade grace (2.860665ms)
✔ income stress downgrades immediately and two zero-income cycles enter subsistence (1.601462ms)
✔ consumption state changes allocation but not the spendable budget formula (2.019272ms)
✔ version 3 cautious state migrates to strained without reissuing bootstrap funds (1.121014ms)
✔ rate limit removes expired user buckets instead of growing forever (2.283335ms)
✔ rate limit still enforces the configured window after sweeping (0.27296ms)
(node:3107) ExperimentalWarning: SQLite is an experimental feature and might change at any time
(Use `node --trace-warnings ...` to show where the warning was created)
✔ registration IP prefers trusted reverse-proxy real IP over a client-supplied forwarded chain (1.549464ms)
✔ rejects an existing unified account before creating or sending a verification (4.577702ms)
✔ sends and completes a verification without storing plaintext code (6.280272ms)
✔ sends share-link invite code through email registration and immediately rewards inviter (4.140625ms)
✔ accepts a manually entered invite code during registration and rewards immediately (3.450325ms)
✔ enforces ten-minute expiry and sixty-second resend cooldown (3.042023ms)
✔ invalidates after five wrong attempts and rejects IP changes (4.291006ms)
✔ used code cannot be reused but the same completion request is idempotent (4.639193ms)
✔ homepage and direct Economy registrations both participate in duplicate-IP group bans (5.523579ms)
✔ request metrics normalize route identifiers (1.842853ms)
✔ request metrics aggregate duration and application response bytes (15.232226ms)
✔ request metrics cap route cardinality and aggregate overflow (0.581978ms)
✔ initial delivery returns all six state partitions without a full state field (2.179461ms)
✔ known partition revisions suppress unchanged partitions (0.509402ms)
✔ a global revision change unrelated to the viewer can return no patches (0.461863ms)
✔ unchanged delivery still returns a fresh server time without creating patches (0.17116ms)
✔ action delivery keeps only result status, message, and committed revision (0.279272ms)
✔ partition revisions accept only bounded safe tokens (0.379529ms)
(node:3129) ExperimentalWarning: SQLite is an experimental feature and might change at any time
(Use `node --trace-warnings ...` to show where the warning was created)
✔ idle version polling returns a compact response without writing the world (109.500592ms)
✔ same-revision polls inside the processing window bypass SQLite transactions (30.538172ms)
✔ an authoritative action advances the revision and invalidates an older poll (79.967159ms)
✔ due world processing advances the revision during version polling (54.728042ms)
✔ scheduled production polling always uses the revision fast path until the global scheduler changes it (60.132602ms)
✔ rolled back transactions restore the in-memory world cache (30.094046ms)
✔ runtime failed actions keep the world row unchanged and reuse the current revision (55.290689ms)
✔ runtime state delivery reuses the current revision cache for the contract projection (28.375001ms)
(node:3135) ExperimentalWarning: SQLite is an experimental feature and might change at any time
(Use `node --trace-warnings ...` to show where the warning was created)
✔ existing players migrate as completed while new players start incomplete (126.0872ms)
✔ tutorial completion is idempotent and does not mutate world state (52.291507ms)
(node:3142) ExperimentalWarning: SQLite is an experimental feature and might change at any time
(Use `node --trace-warnings ...` to show where the warning was created)
✔ gift codes can be created by admins and redeemed once per player (135.115188ms)
✔ non-admin users cannot read administrator summary (1.282736ms)
✔ warehouse usage combines inventory, buy orders, highest bids, and active contract next batches (13.97953ms)
✔ contract acceptance rejects capacity already reserved by buy orders and highest bids (6.058807ms)
(node:3158) ExperimentalWarning: SQLite is an experimental feature and might change at any time
(Use `node --trace-warnings ...` to show where the warning was created)
✔ email verification cleanup expires active rows and deletes only old terminal records (2.855304ms)
(node:3165) ExperimentalWarning: SQLite is an experimental feature and might change at any time
(Use `node --trace-warnings ...` to show where the warning was created)
✔ warehouse state defaults to level 1 and client version 17 (100.816234ms)
✔ warehouse capacity increase grows by level while upgrade cost grows linearly with capacity (0.766943ms)
✔ warehouse usage counts stored goods and remaining open commodity buy orders only (37.63347ms)
✔ warehouse usage excludes legacy facility buy orders before migration (0.402807ms)
✔ warehouse upgrade deducts server funds and increases shared capacity (31.919206ms)
✔ warehouse summary price matches the amount deducted for the same actual capacity (49.768869ms)
✔ warehouse upgrade preserves stored and reserved usage while adding free capacity (28.717285ms)
✔ warehouse upgrade rejects insufficient funds without changing capacity (24.325391ms)
✔ legacy custom capacity infers a non-decreasing warehouse level (22.517493ms)
✔ legacy stored level behind capacity is advanced and can still expand (37.205188ms)
✔ warehouse can continue upgrading after former level 12 limit (29.091011ms)
✔ warehouse upgrade is idempotent (27.680871ms)
(node:3171) ExperimentalWarning: SQLite is an experimental feature and might change at any time
(Use `node --trace-warnings ...` to show where the warning was created)
✔ construction employment deadline is the next integer release boundary (1.405512ms)
✔ world deadline planner selects the earliest authoritative event (10.420508ms)
✔ deadline scheduler performs zero world transactions during a 60 second idle window (69.680508ms)
✔ deadline scheduler wakes at the planned event and processes one world transaction (47.888016ms)
✔ long deadline timer segments early wakeups without opening a world transaction (17.599924ms)
✔ scheduler transaction failure preserves authority and retries after the one second floor (41.287999ms)
ℹ tests 209
ℹ suites 0
ℹ pass 209
ℹ fail 0
ℹ cancelled 0
ℹ skipped 0
ℹ todo 0
ℹ duration_ms 3730.923464
[36mvite v8.1.4 [32mbuilding client environment for production...[36m[39m
[2Ktransforming...✓ 161 modules transformed.
rendering chunks...
computing gzip size...
dist/index.html                                        1.67 kB │ gzip:  0.67 kB
dist/assets/paper-Dhpjvp13.png                        14.61 kB
dist/assets/milk-BZ89-PBJ.png                         15.16 kB
dist/assets/fish-BkLzRtc3.png                         18.24 kB
dist/assets/lumber-jTwRKpnz.png                       19.04 kB
dist/assets/wheat-Py7F5aZk.png                        19.10 kB
dist/assets/crude-oil-D5fXhDkm.png                    19.81 kB
dist/assets/furniture-B_O95T8r.png                    21.54 kB
dist/assets/eggs-M2Ke4BJa.png                         21.77 kB
dist/assets/prepared-meal-BSVV5IRZ.png                22.25 kB
dist/assets/cotton-BFGEWtRo.png                       22.39 kB
dist/assets/electronics-B1AzwVTp.png                  22.57 kB
dist/assets/steel-ja_AKxng.png                        22.61 kB
dist/assets/fruit-DzunQqse.png                        22.68 kB
dist/assets/machinery-CPpDYJCl.png                    22.85 kB
dist/assets/appliance-7j9zSwcx.png                    23.12 kB
dist/assets/beverage-BWYIJ-IM.png                     23.19 kB
dist/assets/sugarcane-DnbW8Zi1.png                    23.35 kB
dist/assets/timber-CSAsUa4w.png                       23.69 kB
dist/assets/clothing-fL-XUgWR.png                     23.70 kB
dist/assets/sugar-DnhiGbD3.png                        24.21 kB
dist/assets/flour--zM2MwAn.png                        24.49 kB
dist/assets/meat-DOWDyjGe.png                         24.53 kB
dist/assets/copper-D-LZTten.png                       24.81 kB
dist/assets/copper-ore-D9u22zN7.png                   25.28 kB
dist/assets/textile-BjlGGNpO.png                      25.48 kB
dist/assets/food-lWqo76Hp.png                         25.70 kB
dist/assets/ore-CZheHWbG.png                          25.76 kB
dist/assets/plastic-CXnITTYk.png                      25.86 kB
dist/assets/rice-BMCW7IaA.png                         26.37 kB
dist/assets/wool-CuAjSyHQ.png                         26.71 kB
dist/assets/pulp-BvqS2r44.png                         27.17 kB
dist/assets/AuctionPage-oS8XmXC_.css                   1.47 kB │ gzip:  0.60 kB
dist/assets/ProductionPage-B74yiRj2.css                1.51 kB │ gzip:  0.48 kB
dist/assets/GameApp-CKgZ6OWf.css                       1.77 kB │ gzip:  0.62 kB
dist/assets/index-D7GlnwWr.css                       228.96 kB │ gzip: 35.52 kB
dist/assets/leaderboardTypes-CaR1dw0m.js               0.05 kB │ gzip:  0.07 kB
dist/assets/types-DHByDWVx.js                          0.10 kB │ gzip:  0.09 kB
dist/assets/FacilityRecipeProfitContext-Du01DJ_N.js    0.24 kB │ gzip:  0.19 kB
dist/assets/useNow-D9nDG45X.js                         0.34 kB │ gzip:  0.26 kB
dist/assets/VirtualList-BT6hgy64.js                    1.22 kB │ gzip:  0.64 kB
dist/assets/useVirtualWindow-WknmXUYd.js               2.55 kB │ gzip:  1.14 kB
dist/assets/GemShopPage-DrfnVKGH.js                    4.32 kB │ gzip:  1.77 kB
dist/assets/LeaderboardPage-5Btbb708.js                4.55 kB │ gzip:  1.97 kB
dist/assets/PriceSparkline-D7lkbHMG.js                 8.59 kB │ gzip:  3.38 kB
dist/assets/ProductIcons-BWOpxQXi.js                   8.65 kB │ gzip:  2.34 kB
dist/assets/SettingsPage-ZiVlKmYT.js                  10.38 kB │ gzip:  3.73 kB
dist/assets/AssetsPage-D36OyY3u.js                    10.98 kB │ gzip:  3.45 kB
dist/assets/AuctionPage-DaUf1Z3A.js                   12.34 kB │ gzip:  4.42 kB
dist/assets/OverviewPage-DJVcKPm-.js                  14.21 kB │ gzip:  4.92 kB
dist/assets/ContractPage-BploAqdl.js                  18.94 kB │ gzip:  5.99 kB
dist/assets/MarketPage-CSnPkl_6.js                    19.28 kB │ gzip:  5.91 kB
dist/assets/gameViewModel-BzsGPutn.js                 19.77 kB │ gzip:  7.30 kB
dist/assets/GameApp-BqlkKPWB.js                       26.42 kB │ gzip:  9.07 kB
dist/assets/ProductionPage-Fh8YU-gS.js                30.18 kB │ gzip:  9.43 kB
dist/assets/AdminApp-B0RLpKlN.js                      56.32 kB │ gzip: 15.08 kB
dist/assets/SignedInShell-By6lw2c1.js                 69.74 kB │ gzip: 39.68 kB
dist/assets/index-DVq4uFas.js                        222.07 kB │ gzip: 70.44 kB

[32m✓ built in 702ms[39m
